Loading r/4.5.0
  Loading requirement: gcc/9.3.0 curl/7.60.0 openexr/2.5.0 fontconfig/2.13.1
    libpng/1.6.37 bzip2/1.1.0 freetype/2.10.2 webp/1.2.1 expat/2.6.4 jbig/2.1
    jdk/8u181 turbojpeg/2.0.5 openexr/3.2.4 tiff/3.9.7 imagemagick/7.1.1
    geos/3.9.1 proj/9.3.1 sqlite/3.28.0.1 gdal/3.9.2 tiff/4.1.0 jpeg/jpeg
    fribidi/1.0.16 harfbuzz/8.2.1 hdf5/1.14.5 lapack/3.8.0 lapack/gcc/64/3.8.0
    jags/4.3.0 udunits/2.2.28 gsl/2.5 perl/5.28.0 gcc/8.1.0 openssl/3.5.0
    glpk/4.55 libXrender/0.9.10 pixman/0.40.0 glib/2.76.2 cairo/1.16.0
    libpng/1.2.58 harfbuzz/10.1.0 java/1.8 yasm/1.3.0 libjpeg-turbo/3.0.3
    cmake/3.23.1
Loading required package: SeuratObject
Loading required package: sp

Attaching package: ‘SeuratObject’

The following objects are masked from ‘package:base’:

    intersect, t


Attaching package: ‘dplyr’

The following objects are masked from ‘package:stats’:

    filter, lag

The following objects are masked from ‘package:base’:

    intersect, setdiff, setequal, union

